2  |Introduction|
3  |The $20 Million Bug|
4  |Convention|
4  |Some Light Relief—Tuning File Systems|
7  |1. C Through the Mists of Time|
7  |The Prehistory of C|
10 |Early Experiences with C|
11 |The Standard I/O Library and C Preprocessor|
14 |K&R C|
16 |The Present Day: ANSI C|
18 |It's Nice, but Is It Standard?|
20 |Translation Limits|
21 |The Structure of the ANSI C Standard|
25 |Reading the ANSI C Standard for Fun, Pleasure, and Profit|
28 |How Quiet is a "Quiet Change"?|
32 |Some Light Relief—The Implementation-Defined Effects of Pragmas . . .|
33 |2. It's Not a Bug, It's a Language Feature|
34 |Why Language Features Matter—The Way the Fortran Bug Really Happened!|
35 |Sins of Commission|
43 |Sins of Mission|
51 |Sins of Omission|
59 |Some Light Relief—Some Features Really Are Bugs!|
60 |3. Unscrambling Declarations in C|
62 |Syntax Only a Compiler Could Love|
63 |How a Declaration Is Formed|
69 |The Precedence Rule|
71 |Unscrambling C Declarations by Diagram|
73 |typedef Can Be Your Friend|
75 |Difference Between typedef int x[10] and #define x int[10]|
75 |What typedef struct foo { ... foo; } foo; Means|
78 |The Piece of Code that Understandeth All Parsing|
80 |Some Light Relief—Software to Bite the Wax Tadpole|
86 |4. The Shocking Truth: C Arrays and Pointers Are NOT the Same!|
86 |Arrays Are NOT Pointers!|
86 |Why Doesn't My Code Work?|
87 |What's a Declaration? What's a Definition?|
88 |How Arrays and Pointers Are Accessed|
89 |Figure A. A Subscripted Array Reference|
90 |Figure B. A Pointer Reference|
90 |Figure C. A Subscripted Pointer Reference|
91 |Match Your Declarations to the Definition|
92 |Other Differences Between Arrays and Pointers|
93 |Some Light Relief—Fun with Palindromes!|
96 |5. Thinking of Linking|
96 |Libraries, Linking, and Loading|
100|The Benefits of Dynamic Linking|
104|Five Special Secrets of Linking with Libraries|
108|Watch Out for Interpositioning|
113|Generating Linker Report Files|
114|Some Light Relief—Look Who's Talking: Challenging the Turing Test|
119|6. Poetry in Motion: Runtime Data Structures|
120|a.out and a.out Folklore|
121|Segments|
124|What the OS Does with Your a.out|
126|What the C Runtime Does with Your a.out|
128|What Happens When a Function Gets Called: The Procedure Activation Record|
131|The auto and static keywords|
132|Threads of Control|
132|setjmp and longjmp|
135|The Stack Segment Under UNIX|
135|The Stack Segment Under MS-DOS|
135|Helpful C Tools|
139|Some Light Relief—Programming Puzzles at CMU|
140|For Advanced Students Only|
141|7. Thanks for the Memory|
142|The Intel 80x86 Family|
145|The Intel 80x86 Memory Model and How It Got That Way|
149|Virtual Memory|
153|Cache Memory|
156|The Data Segment and Heap|
158|Memory Leaks|
162|Bus Error, Take the Train|
169|Some Light Relief—The Thing King and the Paging Game|
173|8. Why Programmers Can't Tell Halloween from Christmas Day|
174|The Potrzebie System of Weights and Measures|
175|Making a Glyph from Bit Patterns|
176|Types Changed While You Wait|
179|Prototype Painfulness|
183|Getting a Char Without a Carriage Return|
188|Implementing a Finite State Machine in C|
189|Software Is Harder than Hardware!|
192|How and Why to Cast|
194|Some Light Relief—The Inter national Obfuscated C Code Competition|
   |9. More about Arrays|
   |When an Array Is a Pointer|
   |Why the Confusion?|
   |Why C Treats Array Parameters as Pointers|
   |Indexing a Slice|
   |Arrays and Pointers Interchangeability Summary|
   |C Has Multidimensional Arrays|
   |But Every Other Language Calls Them "Arrays of Arrays"|
   |How Multidimensional Arrays Break into Components|
   |How Arrays Are Laid Out in Memory|
   |How to Initialize Arrays|
   |Some Light Relief—Hardware/Software Trade-Offs|
   |10. More About Pointers|
   |The Layout of Multidimensional Arrays|
   |An Array of Pointers Is an "Iliffe Vector"|
   |Using Pointers for Ragged Arrays|
   |Passing a One-Dimensional Array to a Function|
   |Using Pointers to Pass a Multidimensional Array to a Function|
   |Using Pointers to Return an Array from a Function|
   |Using Pointers to Create and Use Dynamic Arrays|
   |Some Light Relief—The Limitations of Program Proofs|
   |11. You Know C, So C++ is Easy!|
   |Allez-OOP!|
   |Abstraction—Extracting Out the Essential Characteristics of a Thing|
   |Encapsulation—Grouping Together Related Types, Data, and Functions|
   |Showing Some Class—Giving User-Defined Types the Same Privileges as Predefined Types|
   |Availability|
   |Declarations|
   |How to Call a Method|
   |Inheritance—Reusing Operations that Are Already Defined|
   |Multiple Inheritance—Deriving from Two or More Base Classes|
   |Overloading—Having One Name for the Same Action on Different Types|
   |How C++ Does Operator Overloading|
   |Input/Output in C++|
   |Polymorphism—Runtime Binding|
   |Explanation|
   |How C++ Does Polymorphism|
   |Fancy Pants Polymorphism|
   |Other Corners of C++|
   |If I Was Going There, I Wouldn't Start from Here|
   |It May Be Crufty [4], but It's the Only Game in Town|
   |Some Light Relief—The Dead Computers Society|
   |Some Final Light Relief—Your Certificate of Merit!|
   |Secrets of Programmer Job Interviews|
   |Silicon Valley Programmer Interviews|
   |How Can You Detect a Cycle in a Linked List?|
   |What Are the Different C Increment Statements For?|
   |How Is a Library Call Different from a System Call?|
   |How Is a File Descriptor Different from a File Pointer?|
   |Write Some Code to Determine if a Variable Is Signed or Not|
   |What Is the Time Complexity of Printing the Values in a Binary Tree?|
   |Give Me a String at Random from This File|
   |Some Light Relief—How to Measure a Building with a Barometer|
